// Jest Snapshot v1, https://goo.gl/fbAQLP

exports[`RecipeListItem should do a snapshot 1`] = `
<DocumentFragment>
  <div
    class="ListRecipeListItem"
  >
    <span
      data-testid="title"
    >
      Nudelsuppe
    </span>
    <button
      data-testid="delete-button"
    >
      l√∂schen
    </button>
    <button>
      details
    </button>
  </div>
</DocumentFragment>
`;
